Соня@DESKTOP-FUN4SJH MINGW64 ~ (master)
$ dir <-провеверял где нахожусь
3D\ Objects
ansel
AppData
Application\ Data
Contacts
Cookies
Desktop
Documents
Downloads
Favorites
Links
Local\ Settings
MicrosoftEdgeBackups
Music
NetHood
NTUSER.DAT
ntuser.dat.LOG1
ntuser.dat.LOG2
NTUSER.DAT{5c84fa65-272c-11e9-bf89-309c2362255d}.TM.blf
NTUSER.DAT{5c84fa65-272c-11e9-bf89-309c2362255d}.TMContainer00000000000000000001.regtrans-ms
NTUSER.DAT{5c84fa65-272c-11e9-bf89-309c2362255d}.TMContainer00000000000000000002.regtrans-ms
ntuser.ini
OneDrive
Pictures
PrintHood
README.md
Recent
Saved\ Games
Searches
SendTo
source
spo08
Videos
главное\ меню
Мои\ документы
Шаблоны

Соня@DESKTOP-FUN4SJH MINGW64 ~ (master)
$ cd c:

Соня@DESKTOP-FUN4SJH MINGW64 /c
$ cd Program\ Files

Соня@DESKTOP-FUN4SJH MINGW64 /c/Program Files
$ cd git

Соня@DESKTOP-FUN4SJH MINGW64 /c/Program Files/git (master)
$ git touch labspo.txt
ggit: 'touch' is not a git command. See 'git --help'.

Соня@DESKTOP-FUN4SJH MINGW64 /c/Program Files/git (master)
$ cd labi 

Соня@DESKTOP-FUN4SJH MINGW64 /c/Program Files/git/labi (master)
$ git add nashFile.txt

Соня@DESKTOP-FUN4SJH MINGW64 /c/Program Files/git/labi (master)
$ dir
Labspo  nashFile.txt

Соня@DESKTOP-FUN4SJH MINGW64 /c/Program Files/git/labi (master)
$ git status
On branch master
Untracked files:
  (use "git add <file>..." to include in what will be committed)
        Labspo/

nothing added to commit but untracked files present (use "git add" to track)

Соня@DESKTOP-FUN4SJH MINGW64 /c/Program Files/git/labi (master)
$ git remote
origin

Соня@DESKTOP-FUN4SJH MINGW64 /c/Program Files/git/labi (master)
$ git remote add pb https://github.com/Awufi/Labspo.git

Соня@DESKTOP-FUN4SJH MINGW64 /c/Program Files/git/labi (master)
$ ^C

Соня@DESKTOP-FUN4SJH MINGW64 /c/Program Files/git/labi (master)
$ git add nashFile.txt

Соня@DESKTOP-FUN4SJH MINGW64 /c/Program Files/git/labi (master)
$ git status
On branch master
Untracked files:
  (use "git add <file>..." to include in what will be committed)
        Labspo/

nothing added to commit but untracked files present (use "git add" to track)

Соня@DESKTOP-FUN4SJH MINGW64 /c/Program Files/git/labi (master)
$ dir
Labspo  nashFile.txt

Соня@DESKTOP-FUN4SJH MINGW64 /c/Program Files/git/labi (master)
$ git add.
git: 'add.' is not a git command. See 'git --help'.

The most similar command is
        add

Соня@DESKTOP-FUN4SJH MINGW64 /c/Program Files/git/labi (master)
$ git add .
warning: adding embedded git repository: Labspo
hint: You've added another git repository inside your current repository.
hint: Clones of the outer repository will not contain the contents of
hint: the embedded repository and will not know how to obtain it.
hint: If you meant to add a submodule, use:
hint:
hint:   git submodule add <url> Labspo
hint:
hint: If you added this path by mistake, you can remove it from the
hint: index with:
hint:
hint:   git rm --cached Labspo
hint:
hint: See "git help submodule" for more information.

Соня@DESKTOP-FUN4SJH MINGW64 /c/Program Files/git/labi (master)
$ ^C

Соня@DESKTOP-FUN4SJH MINGW64 /c/Program Files/git/labi (master)
$ ^C

Соня@DESKTOP-FUN4SJH MINGW64 /c/Program Files/git/labi (master)
$ cd Labspo

Соня@DESKTOP-FUN4SJH MINGW64 /c/Program Files/git/labi/Labspo (master)
$ git status
On branch master
Your branch is up to date with 'origin/master'.

nothing to commit, working tree clean

Соня@DESKTOP-FUN4SJH MINGW64 /c/Program Files/git/labi/Labspo (master)
$ touch nashfile.txt

Соня@DESKTOP-FUN4SJH MINGW64 /c/Program Files/git/labi/Labspo (master)
$ add nashfile.txt
bash: add: command not found

Соня@DESKTOP-FUN4SJH MINGW64 /c/Program Files/git/labi/Labspo (master)
$ git status
On branch master
Your branch is up to date with 'origin/master'.

Untracked files:
  (use "git add <file>..." to include in what will be committed)
        nashfile.txt

nothing added to commit but untracked files present (use "git add" to track)

Соня@DESKTOP-FUN4SJH MINGW64 /c/Program Files/git/labi/Labspo (master)
$ git add nashfile.txt

Соня@DESKTOP-FUN4SJH MINGW64 /c/Program Files/git/labi/Labspo (master)
$ git status
On branch master
Your branch is up to date with 'origin/master'.

Changes to be committed:
  (use "git restore --staged <file>..." to unstage)
        new file:   nashfile.txt


Соня@DESKTOP-FUN4SJH MINGW64 /c/Program Files/git/labi/Labspo (master)
$ git commit -m "added nashfile"
[master 7b0d98d] added nashfile
 1 file changed, 0 insertions(+), 0 deletions(-)
 create mode 100644 nashfile.txt

Соня@DESKTOP-FUN4SJH MINGW64 /c/Program Files/git/labi/Labspo (master)
$ git push -u origin master
Enumerating objects: 4, done.
Counting objects: 100% (4/4), done.
Delta compression using up to 12 threads
Compressing objects: 100% (2/2), done.
Writing objects: 100% (3/3), 273 bytes | 273.00 KiB/s, done.
Total 3 (delta 0), reused 0 (delta 0)
To https://github.com/Awufi/Labspo.git
   5f45b15..7b0d98d  master -> master
Branch 'master' set up to track remote branch 'master' from 'origin'.

Соня@DESKTOP-FUN4SJH MINGW64 /c/Program Files/git/labi/Labspo (master)
$ git branch babaul

Соня@DESKTOP-FUN4SJH MINGW64 /c/Program Files/git/labi/Labspo (master)
$ git checkout babaul
Switched to branch 'babaul'

Соня@DESKTOP-FUN4SJH MINGW64 /c/Program Files/git/labi/Labspo (babaul)
$ git branch develop

Соня@DESKTOP-FUN4SJH MINGW64 /c/Program Files/git/labi/Labspo (babaul)
$ git checkout develop
Switched to branch 'develop'

Соня@DESKTOP-FUN4SJH MINGW64 /c/Program Files/git/labi/Labspo (develop)
$ git status
On branch develop
Changes not staged for commit:
  (use "git add <file>..." to update what will be committed)
  (use "git restore <file>..." to discard changes in working directory)
        modified:   nashfile.txt

no changes added to commit (use "git add" and/or "git commit -a")

Соня@DESKTOP-FUN4SJH MINGW64 /c/Program Files/git/labi/Labspo (develop)
$ git commit -m "dobavil stroky v nashfile"
On branch develop
Changes not staged for commit:
        modified:   nashfile.txt

no changes added to commit

Соня@DESKTOP-FUN4SJH MINGW64 /c/Program Files/git/labi/Labspo (develop)
$ git add nashfile.txt

Соня@DESKTOP-FUN4SJH MINGW64 /c/Program Files/git/labi/Labspo (develop)
$ git commit -m "dobavil stroky v nashfile"
[develop 049cd98] dobavil stroky v nashfile
 1 file changed, 1 insertion(+)

Соня@DESKTOP-FUN4SJH MINGW64 /c/Program Files/git/labi/Labspo (develop)
$ git push -u origin master
Everything up-to-date
Branch 'master' set up to track remote branch 'master' from 'origin'.

Соня@DESKTOP-FUN4SJH MINGW64 /c/Program Files/git/labi/Labspo (develop)
$ ..
bash: ..: command not found

Соня@DESKTOP-FUN4SJH MINGW64 /c/Program Files/git/labi/Labspo (develop)
$ cd ..

Соня@DESKTOP-FUN4SJH MINGW64 /c/Program Files/git/labi (master)
$ dir
Labspo

Соня@DESKTOP-FUN4SJH MINGW64 /c/Program Files/git/labi (master)
$ cd ..

Соня@DESKTOP-FUN4SJH MINGW64 /c/Program Files/git (master)
$ cd popka2
bash: cd: popka2: No such file or directory

Соня@DESKTOP-FUN4SJH MINGW64 /c/Program Files/git (master)
$ md popka2
bash: md: command not found

Соня@DESKTOP-FUN4SJH MINGW64 /c/Program Files/git (master)
$ mkdir popka2

Соня@DESKTOP-FUN4SJH MINGW64 /c/Program Files/git (master)
$ cd popka 2
bash: cd: too many arguments

Соня@DESKTOP-FUN4SJH MINGW64 /c/Program Files/git (master)
$ dir
bin   etc           hello.txt    mingw64            tmp           unins000.msg
cmd   git-bash.exe  labi         popka2             unins000.dat  usr
docs  git-cmd.exe   LICENSE.txt  ReleaseNotes.html  unins000.exe

Соня@DESKTOP-FUN4SJH MINGW64 /c/Program Files/git (master)
$ cd popka2

Соня@DESKTOP-FUN4SJH MINGW64 /c/Program Files/git/popka2 (master)
$ git clone https://github.com/Awufi/Labspo.git
Cloning into 'Labspo'...
remote: Enumerating objects: 6, done.
remote: Counting objects: 100% (6/6), done.
remote: Compressing objects: 100% (3/3), done.
remote: Total 6 (delta 0), reused 3 (delta 0), pack-reused 0
Unpacking objects: 100% (6/6), done.

Соня@DESKTOP-FUN4SJH MINGW64 /c/Program Files/git/popka2 (master)
$ git checkout babaul
error: pathspec 'babaul' did not match any file(s) known to git

Соня@DESKTOP-FUN4SJH MINGW64 /c/Program Files/git/popka2 (master)
$ git branch develop

Соня@DESKTOP-FUN4SJH MINGW64 /c/Program Files/git/popka2 (master)
$ git checkout develop
Switched to branch 'develop'
D       labi/nashFile.txt

Соня@DESKTOP-FUN4SJH MINGW64 /c/Program Files/git/popka2 (develop)
$ git branch novi

Соня@DESKTOP-FUN4SJH MINGW64 /c/Program Files/git/popka2 (develop)
$ git checkout novi
Switched to branch 'novi'
D       labi/nashFile.txt

Соня@DESKTOP-FUN4SJH MINGW64 /c/Program Files/git/popka2 (novi)
$ git add nashfile.txt
fatal: pathspec 'nashfile.txt' did not match any files

Соня@DESKTOP-FUN4SJH MINGW64 /c/Program Files/git/popka2 (novi)
$ git commit -m "ny novaya stroka"
On branch novi
Changes not staged for commit:
        deleted:    ../labi/nashFile.txt

Untracked files:
        ../.gitignore
        ../LICENSE.txt
        ../ReleaseNotes.html
        ../bin/
        ../cmd/
        ../etc/
        ../git-bash.exe
        ../git-cmd.exe
        ../labi/Labspo/
        ../mingw64/
        ./
        ../unins000.dat
        ../unins000.exe
        ../unins000.msg
        ../usr/

no changes added to commit

Соня@DESKTOP-FUN4SJH MINGW64 /c/Program Files/git/popka2 (novi)
$ dir
Labspo

Соня@DESKTOP-FUN4SJH MINGW64 /c/Program Files/git/popka2 (novi)
$ cd labspo

Соня@DESKTOP-FUN4SJH MINGW64 /c/Program Files/git/popka2/labspo (master)
$ git add nashfile.txt

Соня@DESKTOP-FUN4SJH MINGW64 /c/Program Files/git/popka2/labspo (master)
$ git commit -m "ny novaya stroka"
[master 4bc9016] ny novaya stroka
 1 file changed, 1 insertion(+)

Соня@DESKTOP-FUN4SJH MINGW64 /c/Program Files/git/popka2/labspo (master)
$ git push -u origin master
Enumerating objects: 5, done.
Counting objects: 100% (5/5), done.
Delta compression using up to 12 threads
Compressing objects: 100% (2/2), done.
Writing objects: 100% (3/3), 317 bytes | 317.00 KiB/s, done.
Total 3 (delta 0), reused 0 (delta 0)
To https://github.com/Awufi/Labspo.git
   7b0d98d..4bc9016  master -> master
Branch 'master' set up to track remote branch 'master' from 'origin'.

Соня@DESKTOP-FUN4SJH MINGW64 /c/Program Files/git/popka2/labspo (master)
$ git checkout develop
error: pathspec 'develop' did not match any file(s) known to git

Соня@DESKTOP-FUN4SJH MINGW64 /c/Program Files/git/popka2/labspo (master)
$ git branch develop

Соня@DESKTOP-FUN4SJH MINGW64 /c/Program Files/git/popka2/labspo (master)
$ git checkout develop
Switched to branch 'develop'

Соня@DESKTOP-FUN4SJH MINGW64 /c/Program Files/git/popka2/labspo (develop)
$ git branch
* develop
  master

Соня@DESKTOP-FUN4SJH MINGW64 /c/Program Files/git/popka2/labspo (develop)
$ git status
On branch develop
nothing to commit, working tree clean

Соня@DESKTOP-FUN4SJH MINGW64 /c/Program Files/git/popka2/labspo (develop)
$ git checkout master
Switched to branch 'master'
Your branch is up to date with 'origin/master'.

Соня@DESKTOP-FUN4SJH MINGW64 /c/Program Files/git/popka2/labspo (master)
$ git status
On branch master
Your branch is up to date with 'origin/master'.

nothing to commit, working tree clean

Соня@DESKTOP-FUN4SJH MINGW64 /c/Program Files/git/popka2/labspo (master)
$ git merge develop
Already up to date.

Соня@DESKTOP-FUN4SJH MINGW64 /c/Program Files/git/popka2/labspo (master)
$ git log
commit 4bc9016a2271f5b3ae92e98d629299b5bfc4b579 (HEAD -> master, origin/master, origin/HEAD, develop)
Author: awufi <awufik@gmail.com>
Date:   Sat Oct 5 21:23:59 2019 +0300

    ny novaya stroka

commit 7b0d98dc69a3544ddb53a54c2d32a930622671e4
Author: awufi <awufik@gmail.com>
Date:   Sat Oct 5 20:10:03 2019 +0300

    added nashfile

commit 5f45b15b8d864aaf7d0d05f995e9e689e01d551c
Author: Awufi <55872798+Awufi@users.noreply.github.com>
Date:   Fri Sep 27 10:58:30 2019 +0300

    Initial commit

Соня@DESKTOP-FUN4SJH MINGW64 /c/Program Files/git/popka2/labspo (master)
$ git status
On branch master
Your branch is up to date with 'origin/master'.

nothing to commit, working tree clean

Соня@DESKTOP-FUN4SJH MINGW64 /c/Program Files/git/popka2/labspo (master)
$ nano nashfile.txt

Соня@DESKTOP-FUN4SJH MINGW64 /c/Program Files/git/popka2/labspo (master)
$ git status
On branch master
Your branch is up to date with 'origin/master'.

Changes not staged for commit:
  (use "git add <file>..." to update what will be committed)
  (use "git restore <file>..." to discard changes in working directory)
        modified:   nashfile.txt

no changes added to commit (use "git add" and/or "git commit -a")

Соня@DESKTOP-FUN4SJH MINGW64 /c/Program Files/git/popka2/labspo (master)
$ git add nashfile.txt
warning: LF will be replaced by CRLF in nashfile.txt.
The file will have its original line endings in your working directory

Соня@DESKTOP-FUN4SJH MINGW64 /c/Program Files/git/popka2/labspo (master)
$ git commit
Aborting commit due to empty commit message.

Соня@DESKTOP-FUN4SJH MINGW64 /c/Program Files/git/popka2/labspo (master)
$ git log
commit 4bc9016a2271f5b3ae92e98d629299b5bfc4b579 (HEAD -> master, origin/master, origin/HEAD, develop)
Author: awufi <awufik@gmail.com>
Date:   Sat Oct 5 21:23:59 2019 +0300

    ny novaya stroka

commit 7b0d98dc69a3544ddb53a54c2d32a930622671e4
Author: awufi <awufik@gmail.com>
Date:   Sat Oct 5 20:10:03 2019 +0300

    added nashfile

commit 5f45b15b8d864aaf7d0d05f995e9e689e01d551c
Author: Awufi <55872798+Awufi@users.noreply.github.com>
Date:   Fri Sep 27 10:58:30 2019 +0300

    Initial commit
joska
